=== 202605 ===
  202605-citibike-tripdata_3.csv: 1,000,000 scanned, 208,557 kept
  202605-citibike-tripdata_2.csv: 2,000,000 scanned, 403,822 kept
  202605-citibike-tripdata_1.csv: 3,000,000 scanned, 610,350 kept
  202605-citibike-tripdata_5.csv: 3,694,878 scanned, 752,580 kept
  202605-citibike-tripdata_4.csv: 4,694,878 scanned, 970,891 kept

202605: 970,891 / 4,694,878 trips touch the tracked area (20.7%)
  e-bike 711,684 (73%) · classic 259,207 (27%)
  member 793,093 (82%) · casual 177,798
  internal 358,814 · outbound 305,154 · inbound 306,923
  -> /Users/bargeen/Desktop/CitiBike/data/trips/filtered/202605.csv.gz (20.5 MB)
  removed data/trips/raw/202605.zip (917 MB reclaimed; re-downloadable from S3)
=== 202606 ===
  202606-citibike-tripdata_6.csv: 384,468 scanned, 83,486 kept
  202606-citibike-tripdata_5.csv: 1,384,468 scanned, 279,839 kept
  202606-citibike-tripdata_4.csv: 2,384,468 scanned, 498,209 kept
  202606-citibike-tripdata_1.csv: 3,384,468 scanned, 712,162 kept
  202606-citibike-tripdata_3.csv: 4,384,468 scanned, 937,118 kept
  202606-citibike-tripdata_2.csv: 5,384,468 scanned, 1,138,154 kept

202606: 1,138,154 / 5,384,468 trips touch the tracked area (21.1%)
  e-bike 833,755 (73%) · classic 304,399 (27%)
  member 905,694 (80%) · casual 232,460
  internal 419,142 · outbound 358,592 · inbound 360,420
  -> /Users/bargeen/Desktop/CitiBike/data/trips/filtered/202606.csv.gz (24.4 MB)
  removed data/trips/raw/202606.zip (1051 MB reclaimed; re-downloadable from S3)
=== 202508 ===
  202508-citibike-tripdata_6.csv: 121,533 scanned, 20,208 kept
  202508-citibike-tripdata_4.csv: 1,121,533 scanned, 239,097 kept
  202508-citibike-tripdata_5.csv: 2,121,533 scanned, 463,720 kept
  202508-citibike-tripdata_1.csv: 3,121,533 scanned, 662,095 kept
  202508-citibike-tripdata_2.csv: 4,121,533 scanned, 882,377 kept
  202508-citibike-tripdata_3.csv: 5,121,533 scanned, 1,095,595 kept

202508: 1,095,595 / 5,121,533 trips touch the tracked area (21.4%)
  e-bike 791,096 (72%) · classic 304,499 (28%)
  member 858,862 (78%) · casual 236,733
  internal 403,203 · outbound 343,988 · inbound 348,404
  -> /Users/bargeen/Desktop/CitiBike/data/trips/filtered/202508.csv.gz (23.1 MB)
  removed data/trips/raw/202508.zip (1000 MB reclaimed; re-downloadable from S3)
================================================================
CURRENT
================================================================
  .git history                 22.3 MB
  data/raw (compacted)          0.1 MB
  trips (filtered)             90.1 MB
  trips (raw zips)              0.0 MB
  weather                       0.0 MB
  coverage                      0.0 MB
  citibike.db (local only)      0.1 MB
  -------------------------- ---------
  total on disk               112.6 MB

================================================================
PROJECTED AT 12 MONTHS
================================================================
  compacted snapshots         137.4 MB
  filtered trips              265.2 MB
  weather + coverage           13.7 MB
  -------------------------- ---------
  GITHUB REPO                 416.3 MB  /   1.00 GB budget   [OK]  42% used
  + citibike.db               677.0 MB
  LOCAL TOTAL                  1.09 GB  /   3.00 GB budget   [OK]  36% used
